
R version 3.0.3 (2014-03-06) -- "Warm Puppy"
Copyright (C) 2014 The R Foundation for Statistical Computing
Platform: x86_64-pc-linux-gnu (64-bit)

R is free software and comes with ABSOLUTELY NO WARRANTY.
You are welcome to redistribute it under certain conditions.
Type 'license()' or 'licence()' for distribution details.

  Natural language support but running in an English locale

R is a collaborative project with many contributors.
Type 'contributors()' for more information and
'citation()' on how to cite R or R packages in publications.

Type 'demo()' for some demos, 'help()' for on-line help, or
'help.start()' for an HTML browser interface to help.
Type 'q()' to quit R.

[Previously saved workspace restored]

> rm(list=ls())
> ###################
> library(RSQLite)
Loading required package: DBI
> library(ChemmineR)
> ###################
> 
> ##system("gsutil -m cp gs://pubchem/Compound_000000001_000025000.sdf .")
> 
> files<-list.files(pattern=".sdf", recursive=F)
> 
> sdfset<-read.SDFset(files[1])
Warning message:
In read.SDFset(files[1]) :
  3 invalid SDFs detected. To fix, run: valid <- validSDF(sdfset); sdfset <- sdfset[valid]
> #valid <- validSDF(sdfset); sdfset <- sdfset[valid]
> 
> pcid<-datablocktag(sdfset, tag="PUBCHEM_COMPOUND_CID")
> keyz<-datablocktag(sdfset, tag="PUBCHEM_IUPAC_INCHIKEY")
> 
> #dataTable<-data.frame(table, header=T)
> #dataTable<-data.frame(keyz, header=T)
> dataTable<-cbind(pcid, keyz)
> 
> colnames(dataTable)<-c("PCID", "PubchemIUPAC_InChIKey")
> dataTable<-data.frame(dataTable, header=T)
> 
> #R style insert call
> sql <- paste("INSERT INTO PubChemInChIKey VALUES ($PCID, $PubchemIUPAC_InChIKey)", sep="")
> 
> con <- dbConnect(SQLite(), dbname="PubChemInChIKey.sqlite")
> 
> dbBeginTransaction(con)
[1] TRUE
> 
> 
> dbGetPreparedQuery(con, sql, bind.data = dataTable)
NULL
> 
> dbCommit(con)
[1] TRUE
> 
> dbDisconnect(con)
[1] TRUE
> 
> ####################
> rm(list=ls())
> 
> 
> proc.time()
   user  system elapsed 
146.281   1.604 147.986 
